// Vitest Snapshot v1, https://vitest.dev/guide/snapshot.html

exports[`OfferComparisonTable > renders multiple offers and matches snapshot 1`] = `
<div>
  <div
    class="offer-comparison"
  >
    <table
      class="offer-comparison__table"
    >
      <thead>
        <tr>
          <th>
            Lender
          </th>
          <th>
            Amount
          </th>
          <th>
            Rate
          </th>
          <th>
            Term
          </th>
          <th>
            Fees
          </th>
          <th>
            Uploaded
          </th>
        </tr>
      </thead>
      <tbody>
        <tr>
          <td>
            North Bank
          </td>
          <td>
            $250,000
          </td>
          <td>
            5.50%
          </td>
          <td>
            36 months
          </td>
          <td>
            $1,000
          </td>
          <td>
            2/1/2024
          </td>
        </tr>
        <tr>
          <td>
            North Bank
          </td>
          <td>
            $250,000
          </td>
          <td>
            5.50%
          </td>
          <td>
            36 months
          </td>
          <td>
            $1,000
          </td>
          <td>
            2/1/2024
          </td>
        </tr>
      </tbody>
    </table>
  </div>
</div>
`;
